>>> text_indentation = __import__("5-text_indentation").text_indentation

>>> text="this is my test? Yes! it is your test.You are testing for: ?, . and :"
>>> text_indentation(text)
this is my test?
<BLANKLINE>
Yes! it is your test.
<BLANKLINE>
You are testing for:
<BLANKLINE>
?
<BLANKLINE>
, .
<BLANKLINE>
and :
<BLANKLINE>

>>> text = 123.45
>>> text_indentation(text)
Traceback (most recent call last):
    ...
TypeError: text must be a string
